09/23/2026 07:07:11 INFO: ================================================================================
09/23/2026 07:07:11 INFO: STARTING PURESAT (GLUCOSE4) ATTACK: test/Test16-TRAP_2x1_C17
09/23/2026 07:07:11 INFO: Target logic file: test/Test16-TRAP_2x1_C17/trap2x1C17.py
09/23/2026 07:07:11 INFO: Inputs (5): ['pi1', 'pi2', 'pi3', 'pi6', 'pi7'] | Keys (354) | Outputs (2): ['po22', 'po23']
09/23/2026 07:07:11 INFO: Log file: C:\Users\ADMIN\Downloads\TRANSAT-main\TRAP_PureSAT_2025\logs\pysatAttack_2026-09-23_07-07-11.log
09/23/2026 07:07:11 INFO: ================================================================================

09/23/2026 07:07:25 INFO: Running Glucose4 CDCL SAT Solver on Miter clauses, round #1...
09/23/2026 07:07:48 INFO: SAT! Extracted DIP #1: {'pi1': True, 'pi2': True, 'pi3': True, 'pi6': False, 'pi7': True}
09/23/2026 07:07:58 INFO: Running Glucose4 CDCL SAT Solver on Miter clauses, round #2...
09/23/2026 07:08:18 INFO: SAT! Extracted DIP #2: {'pi1': False, 'pi2': True, 'pi3': False, 'pi6': False, 'pi7': False}
09/23/2026 07:08:24 INFO: Running Glucose4 CDCL SAT Solver on Miter clauses, round #3...
09/23/2026 07:08:47 INFO: SAT! Extracted DIP #3: {'pi1': False, 'pi2': False, 'pi3': True, 'pi6': True, 'pi7': False}
09/23/2026 07:08:53 INFO: Running Glucose4 CDCL SAT Solver on Miter clauses, round #4...
09/23/2026 07:09:18 INFO: SAT! Extracted DIP #4: {'pi1': False, 'pi2': True, 'pi3': False, 'pi6': True, 'pi7': False}
09/23/2026 07:09:25 INFO: Running Glucose4 CDCL SAT Solver on Miter clauses, round #5...
09/23/2026 07:09:55 INFO: SAT! Extracted DIP #5: {'pi1': True, 'pi2': True, 'pi3': False, 'pi6': False, 'pi7': True}
09/23/2026 07:10:05 INFO: Running Glucose4 CDCL SAT Solver on Miter clauses, round #6...
09/23/2026 07:10:53 INFO: SAT! Extracted DIP #6: {'pi1': True, 'pi2': False, 'pi3': False, 'pi6': True, 'pi7': True}
09/23/2026 07:11:03 INFO: Running Glucose4 CDCL SAT Solver on Miter clauses, round #7...
09/23/2026 07:11:53 INFO: SAT! Extracted DIP #7: {'pi1': False, 'pi2': False, 'pi3': True, 'pi6': False, 'pi7': False}
09/23/2026 07:11:59 INFO: Running Glucose4 CDCL SAT Solver on Miter clauses, round #8...
09/23/2026 07:12:48 INFO: SAT! Extracted DIP #8: {'pi1': True, 'pi2': False, 'pi3': True, 'pi6': False, 'pi7': True}
09/23/2026 07:12:58 INFO: Running Glucose4 CDCL SAT Solver on Miter clauses, round #9...
09/23/2026 07:14:00 INFO: SAT! Extracted DIP #9: {'pi1': False, 'pi2': True, 'pi3': False, 'pi6': True, 'pi7': True}
09/23/2026 07:14:10 INFO: Running Glucose4 CDCL SAT Solver on Miter clauses, round #10...
09/23/2026 07:15:18 INFO: SAT! Extracted DIP #10: {'pi1': True, 'pi2': True, 'pi3': False, 'pi6': True, 'pi7': False}
09/23/2026 07:15:28 INFO: Running Glucose4 CDCL SAT Solver on Miter clauses, round #11...
09/23/2026 07:16:42 INFO: SAT! Extracted DIP #11: {'pi1': False, 'pi2': False, 'pi3': False, 'pi6': False, 'pi7': False}
09/23/2026 07:16:52 INFO: Running Glucose4 CDCL SAT Solver on Miter clauses, round #12...
09/23/2026 07:18:13 INFO: SAT! Extracted DIP #12: {'pi1': True, 'pi2': True, 'pi3': False, 'pi6': True, 'pi7': True}
09/23/2026 07:18:22 INFO: Running Glucose4 CDCL SAT Solver on Miter clauses, round #13...
09/23/2026 07:19:46 INFO: SAT! Extracted DIP #13: {'pi1': False, 'pi2': False, 'pi3': True, 'pi6': False, 'pi7': True}
09/23/2026 07:19:57 INFO: Running Glucose4 CDCL SAT Solver on Miter clauses, round #14...
09/23/2026 07:21:17 INFO: SAT! Extracted DIP #14: {'pi1': False, 'pi2': False, 'pi3': False, 'pi6': True, 'pi7': False}
09/23/2026 07:21:27 INFO: Running Glucose4 CDCL SAT Solver on Miter clauses, round #15...
09/23/2026 07:22:57 INFO: SAT! Extracted DIP #15: {'pi1': True, 'pi2': True, 'pi3': True, 'pi6': True, 'pi7': False}
09/23/2026 07:23:07 INFO: Running Glucose4 CDCL SAT Solver on Miter clauses, round #16...
09/23/2026 07:24:50 INFO: SAT! Extracted DIP #16: {'pi1': False, 'pi2': True, 'pi3': True, 'pi6': False, 'pi7': True}
09/23/2026 07:25:01 INFO: Running Glucose4 CDCL SAT Solver on Miter clauses, round #17...
09/23/2026 07:26:37 INFO: SAT! Extracted DIP #17: {'pi1': True, 'pi2': False, 'pi3': True, 'pi6': False, 'pi7': False}
09/23/2026 07:26:48 INFO: Running Glucose4 CDCL SAT Solver on Miter clauses, round #18...
09/23/2026 07:28:26 INFO: SAT! Extracted DIP #18: {'pi1': True, 'pi2': True, 'pi3': True, 'pi6': False, 'pi7': False}
09/23/2026 07:28:36 INFO: Running Glucose4 CDCL SAT Solver on Miter clauses, round #19...
09/23/2026 07:30:20 INFO: SAT! Extracted DIP #19: {'pi1': False, 'pi2': False, 'pi3': True, 'pi6': True, 'pi7': True}
09/23/2026 07:30:31 INFO: Running Glucose4 CDCL SAT Solver on Miter clauses, round #20...
09/23/2026 07:32:52 INFO: SAT! Extracted DIP #20: {'pi1': False, 'pi2': True, 'pi3': True, 'pi6': True, 'pi7': False}
09/23/2026 07:33:03 INFO: Running Glucose4 CDCL SAT Solver on Miter clauses, round #21...
09/23/2026 07:35:06 INFO: SAT! Extracted DIP #21: {'pi1': False, 'pi2': True, 'pi3': True, 'pi6': False, 'pi7': False}
09/23/2026 07:35:17 INFO: Running Glucose4 CDCL SAT Solver on Miter clauses, round #22...
09/23/2026 07:37:45 INFO: SAT! Extracted DIP #22: {'pi1': False, 'pi2': False, 'pi3': False, 'pi6': False, 'pi7': True}
09/23/2026 07:37:53 INFO: Running Glucose4 CDCL SAT Solver on Miter clauses, round #23...
09/23/2026 07:39:59 INFO: SAT! Extracted DIP #23: {'pi1': True, 'pi2': False, 'pi3': True, 'pi6': True, 'pi7': True}
09/23/2026 07:40:10 INFO: Running Glucose4 CDCL SAT Solver on Miter clauses, round #24...
09/23/2026 07:42:43 INFO: SAT! Extracted DIP #24: {'pi1': True, 'pi2': False, 'pi3': True, 'pi6': True, 'pi7': False}
09/23/2026 07:42:54 INFO: Running Glucose4 CDCL SAT Solver on Miter clauses, round #25...
09/23/2026 07:45:31 INFO: SAT! Extracted DIP #25: {'pi1': False, 'pi2': True, 'pi3': False, 'pi6': False, 'pi7': True}
09/23/2026 07:45:43 INFO: Running Glucose4 CDCL SAT Solver on Miter clauses, round #26...
09/23/2026 07:47:57 INFO: SAT! Extracted DIP #26: {'pi1': True, 'pi2': False, 'pi3': False, 'pi6': True, 'pi7': False}
09/23/2026 07:48:08 INFO: Running Glucose4 CDCL SAT Solver on Miter clauses, round #27...
09/23/2026 07:50:44 INFO: SAT! Extracted DIP #27: {'pi1': False, 'pi2': False, 'pi3': False, 'pi6': True, 'pi7': True}
09/23/2026 07:50:55 INFO: Running Glucose4 CDCL SAT Solver on Miter clauses, round #28...
09/23/2026 07:53:52 INFO: SAT! Extracted DIP #28: {'pi1': True, 'pi2': False, 'pi3': False, 'pi6': False, 'pi7': False}
09/23/2026 07:54:03 INFO: Running Glucose4 CDCL SAT Solver on Miter clauses, round #29...
09/23/2026 07:56:55 INFO: SAT! Extracted DIP #29: {'pi1': True, 'pi2': False, 'pi3': False, 'pi6': False, 'pi7': True}
09/23/2026 07:57:06 INFO: Running Glucose4 CDCL SAT Solver on Miter clauses, round #30...
09/23/2026 08:01:01 INFO: SAT! Extracted DIP #30: {'pi1': True, 'pi2': True, 'pi3': False, 'pi6': False, 'pi7': False}
09/23/2026 08:01:12 INFO: Running Glucose4 CDCL SAT Solver on Miter clauses, round #31...
09/23/2026 08:04:32 INFO: SAT! Extracted DIP #31: {'pi1': True, 'pi2': True, 'pi3': True, 'pi6': True, 'pi7': True}
09/23/2026 08:04:43 INFO: Running Glucose4 CDCL SAT Solver on Miter clauses, round #32...
09/23/2026 08:08:01 INFO: SAT! Extracted DIP #32: {'pi1': False, 'pi2': True, 'pi3': True, 'pi6': True, 'pi7': True}
09/23/2026 08:08:11 INFO: 
Solving final key using Glucose4 on 32 DIP constraints...
09/23/2026 08:09:27 INFO: 
GLUCOSE4 SAT ATTACK SUCCESSFUL!
09/23/2026 08:09:27 INFO: Extracted Key saved to: C:\Users\ADMIN\Downloads\TRANSAT-main\TRAP_PureSAT_2025\work\extracted_key.csv
09/23/2026 08:09:27 INFO: Total Rounds: 32 | Total Time: 3736.30 seconds
09/23/2026 08:09:27 INFO: ================================================================================

