09/15/2026 22:44:40 INFO: ================================================================================
09/15/2026 22:44:40 INFO: STARTING PURESAT (GLUCOSE4) ATTACK: Test13-TRAP_2x2_AOI22
09/15/2026 22:44:40 INFO: Target logic file: test/Test13-TRAP_2x2_AOI22/trap2x2AOI22.py
09/15/2026 22:44:40 INFO: Inputs (4): ['a', 'b', 'c', 'd'] | Keys (708) | Outputs (1): ['o']
09/15/2026 22:44:40 INFO: Log file: C:\Users\ADMIN\Downloads\TRANSAT-main\TRAP_PureSAT_2025\logs\pysatAttack_2026-09-15_22-44-40.log
09/15/2026 22:44:40 INFO: ================================================================================

09/15/2026 22:45:03 INFO: Running Glucose4 CDCL SAT Solver on Miter clauses, round #1...
09/15/2026 22:45:17 INFO: SAT! Extracted DIP #1: {'a': False, 'b': False, 'c': False, 'd': False}
09/15/2026 22:45:48 INFO: Running Glucose4 CDCL SAT Solver on Miter clauses, round #2...
09/15/2026 22:46:18 INFO: SAT! Extracted DIP #2: {'a': True, 'b': False, 'c': False, 'd': False}
09/15/2026 22:46:49 INFO: Running Glucose4 CDCL SAT Solver on Miter clauses, round #3...
09/15/2026 22:47:35 INFO: SAT! Extracted DIP #3: {'a': False, 'b': True, 'c': False, 'd': False}
09/15/2026 22:48:07 INFO: Running Glucose4 CDCL SAT Solver on Miter clauses, round #4...
09/15/2026 22:49:11 INFO: SAT! Extracted DIP #4: {'a': False, 'b': False, 'c': True, 'd': True}
09/15/2026 22:49:43 INFO: Running Glucose4 CDCL SAT Solver on Miter clauses, round #5...
09/15/2026 22:51:09 INFO: SAT! Extracted DIP #5: {'a': False, 'b': True, 'c': False, 'd': True}
09/15/2026 22:51:42 INFO: Running Glucose4 CDCL SAT Solver on Miter clauses, round #6...
09/15/2026 22:54:25 INFO: SAT! Extracted DIP #6: {'a': True, 'b': True, 'c': False, 'd': False}
09/15/2026 22:55:20 INFO: Running Glucose4 CDCL SAT Solver on Miter clauses, round #7...
09/15/2026 22:58:45 INFO: SAT! Extracted DIP #7: {'a': False, 'b': True, 'c': True, 'd': False}
09/15/2026 22:59:17 INFO: Running Glucose4 CDCL SAT Solver on Miter clauses, round #8...
09/15/2026 23:03:11 INFO: SAT! Extracted DIP #8: {'a': False, 'b': False, 'c': False, 'd': True}
09/15/2026 23:03:45 INFO: Running Glucose4 CDCL SAT Solver on Miter clauses, round #9...
09/15/2026 23:08:45 INFO: SAT! Extracted DIP #9: {'a': False, 'b': False, 'c': True, 'd': False}
09/15/2026 23:09:19 INFO: Running Glucose4 CDCL SAT Solver on Miter clauses, round #10...
09/15/2026 23:17:04 INFO: SAT! Extracted DIP #10: {'a': False, 'b': True, 'c': True, 'd': True}
09/15/2026 23:17:38 INFO: Running Glucose4 CDCL SAT Solver on Miter clauses, round #11...
09/15/2026 23:26:55 INFO: SAT! Extracted DIP #11: {'a': True, 'b': False, 'c': True, 'd': False}
09/15/2026 23:27:29 INFO: Running Glucose4 CDCL SAT Solver on Miter clauses, round #12...
09/15/2026 23:38:22 INFO: SAT! Extracted DIP #12: {'a': True, 'b': True, 'c': True, 'd': False}
09/15/2026 23:38:56 INFO: Running Glucose4 CDCL SAT Solver on Miter clauses, round #13...
09/15/2026 23:50:49 INFO: SAT! Extracted DIP #13: {'a': True, 'b': False, 'c': False, 'd': True}
09/15/2026 23:51:23 INFO: Running Glucose4 CDCL SAT Solver on Miter clauses, round #14...
09/16/2026 00:08:28 INFO: SAT! Extracted DIP #14: {'a': True, 'b': True, 'c': False, 'd': True}
09/16/2026 00:09:02 INFO: Running Glucose4 CDCL SAT Solver on Miter clauses, round #15...
09/16/2026 00:27:38 INFO: SAT! Extracted DIP #15: {'a': True, 'b': True, 'c': True, 'd': True}
09/16/2026 00:28:11 INFO: Running Glucose4 CDCL SAT Solver on Miter clauses, round #16...
09/16/2026 00:45:02 INFO: SAT! Extracted DIP #16: {'a': True, 'b': False, 'c': True, 'd': True}
09/16/2026 00:45:36 INFO: 
Solving final key using Glucose4 on 16 DIP constraints...
09/16/2026 00:47:30 INFO: 
GLUCOSE4 SAT ATTACK SUCCESSFUL!
09/16/2026 00:47:30 INFO: Extracted Key saved to: C:\Users\ADMIN\Downloads\TRANSAT-main\TRAP_PureSAT_2025\work\extracted_key.csv
09/16/2026 00:47:30 INFO: Total Rounds: 16 | Total Time: 7370.20 seconds
09/16/2026 00:47:30 INFO: ================================================================================

