09/23/2026 09:54:40 INFO: ================================================================================
09/23/2026 09:54:40 INFO: STARTING PURESAT (GLUCOSE4) ATTACK: test/Test16-TRAP_2x1_C17
09/23/2026 09:54:40 INFO: Target logic file: test/Test16-TRAP_2x1_C17/trap2x1C17.py
09/23/2026 09:54:40 INFO: Inputs (5): ['pi1', 'pi2', 'pi3', 'pi6', 'pi7'] | Keys (354) | Outputs (2): ['po22', 'po23']
09/23/2026 09:54:40 INFO: Log file: C:\Users\ADMIN\Downloads\TRANSAT-main\TRAP_PureSAT_2025\logs\pysatAttack_2026-09-23_09-54-40.log
09/23/2026 09:54:40 INFO: ================================================================================

09/23/2026 09:54:49 INFO: Running Glucose4 CDCL SAT Solver on Miter clauses, round #1...
09/23/2026 09:55:06 INFO: SAT! Extracted DIP #1: {'pi1': True, 'pi2': False, 'pi3': False, 'pi6': True, 'pi7': False}
09/23/2026 09:55:19 INFO: Running Glucose4 CDCL SAT Solver on Miter clauses, round #2...
09/23/2026 09:55:45 INFO: SAT! Extracted DIP #2: {'pi1': True, 'pi2': False, 'pi3': False, 'pi6': False, 'pi7': True}
09/23/2026 09:55:54 INFO: Running Glucose4 CDCL SAT Solver on Miter clauses, round #3...
09/23/2026 09:56:23 INFO: SAT! Extracted DIP #3: {'pi1': False, 'pi2': False, 'pi3': True, 'pi6': False, 'pi7': False}
09/23/2026 09:56:32 INFO: Running Glucose4 CDCL SAT Solver on Miter clauses, round #4...
09/23/2026 09:57:04 INFO: SAT! Extracted DIP #4: {'pi1': False, 'pi2': False, 'pi3': True, 'pi6': True, 'pi7': True}
09/23/2026 09:57:13 INFO: Running Glucose4 CDCL SAT Solver on Miter clauses, round #5...
09/23/2026 09:57:48 INFO: SAT! Extracted DIP #5: {'pi1': False, 'pi2': True, 'pi3': True, 'pi6': False, 'pi7': True}
09/23/2026 09:57:57 INFO: Running Glucose4 CDCL SAT Solver on Miter clauses, round #6...
09/23/2026 09:58:36 INFO: SAT! Extracted DIP #6: {'pi1': False, 'pi2': True, 'pi3': False, 'pi6': True, 'pi7': True}
09/23/2026 09:58:45 INFO: Running Glucose4 CDCL SAT Solver on Miter clauses, round #7...
09/23/2026 09:59:27 INFO: SAT! Extracted DIP #7: {'pi1': True, 'pi2': False, 'pi3': True, 'pi6': True, 'pi7': False}
09/23/2026 09:59:35 INFO: Running Glucose4 CDCL SAT Solver on Miter clauses, round #8...
09/23/2026 10:00:21 INFO: SAT! Extracted DIP #8: {'pi1': False, 'pi2': False, 'pi3': False, 'pi6': True, 'pi7': False}
09/23/2026 10:00:30 INFO: Running Glucose4 CDCL SAT Solver on Miter clauses, round #9...
09/23/2026 10:01:21 INFO: SAT! Extracted DIP #9: {'pi1': True, 'pi2': True, 'pi3': True, 'pi6': True, 'pi7': False}
09/23/2026 10:01:29 INFO: Running Glucose4 CDCL SAT Solver on Miter clauses, round #10...
09/23/2026 10:02:22 INFO: SAT! Extracted DIP #10: {'pi1': True, 'pi2': True, 'pi3': False, 'pi6': False, 'pi7': False}
09/23/2026 10:02:31 INFO: Running Glucose4 CDCL SAT Solver on Miter clauses, round #11...
09/23/2026 10:03:29 INFO: SAT! Extracted DIP #11: {'pi1': True, 'pi2': True, 'pi3': True, 'pi6': True, 'pi7': True}
09/23/2026 10:03:38 INFO: Running Glucose4 CDCL SAT Solver on Miter clauses, round #12...
09/23/2026 10:04:41 INFO: SAT! Extracted DIP #12: {'pi1': False, 'pi2': False, 'pi3': False, 'pi6': False, 'pi7': False}
09/23/2026 10:04:50 INFO: Running Glucose4 CDCL SAT Solver on Miter clauses, round #13...
09/23/2026 10:06:01 INFO: SAT! Extracted DIP #13: {'pi1': True, 'pi2': False, 'pi3': False, 'pi6': True, 'pi7': True}
09/23/2026 10:06:10 INFO: Running Glucose4 CDCL SAT Solver on Miter clauses, round #14...
09/23/2026 10:07:14 INFO: SAT! Extracted DIP #14: {'pi1': True, 'pi2': True, 'pi3': False, 'pi6': True, 'pi7': True}
09/23/2026 10:07:21 INFO: Running Glucose4 CDCL SAT Solver on Miter clauses, round #15...
09/23/2026 10:08:37 INFO: SAT! Extracted DIP #15: {'pi1': False, 'pi2': True, 'pi3': True, 'pi6': True, 'pi7': False}
09/23/2026 10:08:46 INFO: Running Glucose4 CDCL SAT Solver on Miter clauses, round #16...
09/23/2026 10:10:02 INFO: SAT! Extracted DIP #16: {'pi1': True, 'pi2': False, 'pi3': False, 'pi6': False, 'pi7': False}
09/23/2026 10:10:11 INFO: Running Glucose4 CDCL SAT Solver on Miter clauses, round #17...
09/23/2026 10:11:37 INFO: SAT! Extracted DIP #17: {'pi1': True, 'pi2': True, 'pi3': True, 'pi6': False, 'pi7': True}
09/23/2026 10:11:46 INFO: Running Glucose4 CDCL SAT Solver on Miter clauses, round #18...
09/23/2026 10:13:28 INFO: SAT! Extracted DIP #18: {'pi1': True, 'pi2': True, 'pi3': False, 'pi6': False, 'pi7': True}
09/23/2026 10:13:37 INFO: Running Glucose4 CDCL SAT Solver on Miter clauses, round #19...
09/23/2026 10:14:59 INFO: SAT! Extracted DIP #19: {'pi1': False, 'pi2': True, 'pi3': False, 'pi6': False, 'pi7': False}
09/23/2026 10:15:04 INFO: Running Glucose4 CDCL SAT Solver on Miter clauses, round #20...
09/23/2026 10:16:14 INFO: SAT! Extracted DIP #20: {'pi1': True, 'pi2': True, 'pi3': True, 'pi6': False, 'pi7': False}
09/23/2026 10:16:20 INFO: Running Glucose4 CDCL SAT Solver on Miter clauses, round #21...
09/23/2026 10:17:16 INFO: SAT! Extracted DIP #21: {'pi1': True, 'pi2': False, 'pi3': True, 'pi6': False, 'pi7': False}
09/23/2026 10:17:21 INFO: Running Glucose4 CDCL SAT Solver on Miter clauses, round #22...
09/23/2026 10:18:32 INFO: SAT! Extracted DIP #22: {'pi1': True, 'pi2': False, 'pi3': True, 'pi6': False, 'pi7': True}
09/23/2026 10:18:37 INFO: Running Glucose4 CDCL SAT Solver on Miter clauses, round #23...
09/23/2026 10:19:47 INFO: SAT! Extracted DIP #23: {'pi1': False, 'pi2': True, 'pi3': False, 'pi6': False, 'pi7': True}
09/23/2026 10:19:52 INFO: Running Glucose4 CDCL SAT Solver on Miter clauses, round #24...
09/23/2026 10:21:31 INFO: SAT! Extracted DIP #24: {'pi1': False, 'pi2': True, 'pi3': True, 'pi6': True, 'pi7': True}
09/23/2026 10:21:36 INFO: Running Glucose4 CDCL SAT Solver on Miter clauses, round #25...
09/23/2026 10:23:32 INFO: SAT! Extracted DIP #25: {'pi1': False, 'pi2': False, 'pi3': False, 'pi6': False, 'pi7': True}
09/23/2026 10:23:37 INFO: Running Glucose4 CDCL SAT Solver on Miter clauses, round #26...
09/23/2026 10:25:07 INFO: SAT! Extracted DIP #26: {'pi1': True, 'pi2': True, 'pi3': False, 'pi6': True, 'pi7': False}
09/23/2026 10:25:13 INFO: Running Glucose4 CDCL SAT Solver on Miter clauses, round #27...
09/23/2026 10:26:25 INFO: SAT! Extracted DIP #27: {'pi1': False, 'pi2': False, 'pi3': True, 'pi6': True, 'pi7': False}
09/23/2026 10:26:30 INFO: Running Glucose4 CDCL SAT Solver on Miter clauses, round #28...
09/23/2026 10:29:14 INFO: SAT! Extracted DIP #28: {'pi1': False, 'pi2': False, 'pi3': True, 'pi6': False, 'pi7': True}
09/23/2026 10:29:20 INFO: Running Glucose4 CDCL SAT Solver on Miter clauses, round #29...
09/23/2026 10:31:01 INFO: SAT! Extracted DIP #29: {'pi1': True, 'pi2': False, 'pi3': True, 'pi6': True, 'pi7': True}
09/23/2026 10:31:06 INFO: Running Glucose4 CDCL SAT Solver on Miter clauses, round #30...
09/23/2026 10:32:23 INFO: SAT! Extracted DIP #30: {'pi1': False, 'pi2': True, 'pi3': False, 'pi6': True, 'pi7': False}
09/23/2026 10:32:28 INFO: Running Glucose4 CDCL SAT Solver on Miter clauses, round #31...
09/23/2026 10:35:25 INFO: SAT! Extracted DIP #31: {'pi1': False, 'pi2': False, 'pi3': False, 'pi6': True, 'pi7': True}
09/23/2026 10:35:31 INFO: Running Glucose4 CDCL SAT Solver on Miter clauses, round #32...
09/23/2026 10:37:33 INFO: SAT! Extracted DIP #32: {'pi1': False, 'pi2': True, 'pi3': True, 'pi6': False, 'pi7': False}
09/23/2026 10:37:38 INFO: 
Solving final key using Glucose4 on 32 DIP constraints...
09/23/2026 10:38:16 INFO: 
GLUCOSE4 SAT ATTACK SUCCESSFUL!
09/23/2026 10:38:16 INFO: Extracted Key saved to: C:\Users\ADMIN\Downloads\TRANSAT-main\TRAP_PureSAT_2025\work\extracted_key.csv
09/23/2026 10:38:16 INFO: Total Rounds: 32 | Total Time: 2615.47 seconds
09/23/2026 10:38:16 INFO: ================================================================================

