================================================================================
PURESAT (GLUCOSE4) MASTER BENCHMARK SUMMARY - 2026-08-29_15-55-26
================================================================================

Testcase #1: NAND2 - 2 inputs
  - Start Time:      2026-08-29 15:55:26
  - Duration:        57.55 seconds
  - Glucose4 Attack: SUCCESS
  - Key Verify:      SUCCESSFUL 100%
--------------------------------------------------------------------------------
Testcase #2: NOR3 - 3 inputs
  - Start Time:      2026-08-29 15:56:24
  - Duration:        208.77 seconds
  - Glucose4 Attack: SUCCESS
  - Key Verify:      SUCCESSFUL 100%
--------------------------------------------------------------------------------
Testcase #3: AOI22 - 4 inputs
  - Start Time:      2026-08-29 15:59:53
  - Duration:        928.41 seconds
  - Glucose4 Attack: SUCCESS
  - Key Verify:      SUCCESSFUL 100%
--------------------------------------------------------------------------------