09/23/2026 08:30:57 INFO: ================================================================================
09/23/2026 08:30:57 INFO: STARTING PURESAT (GLUCOSE4) ATTACK: test/Test16-TRAP_2x1_C17
09/23/2026 08:30:57 INFO: Target logic file: test/Test16-TRAP_2x1_C17/trap2x1C17.py
09/23/2026 08:30:57 INFO: Inputs (5): ['pi1', 'pi2', 'pi3', 'pi6', 'pi7'] | Keys (354) | Outputs (2): ['po22', 'po23']
09/23/2026 08:30:57 INFO: Log file: C:\Users\ADMIN\Downloads\TRANSAT-main\TRAP_PureSAT_2025\logs\pysatAttack_2026-09-23_08-30-57.log
09/23/2026 08:30:57 INFO: ================================================================================

09/23/2026 08:31:09 INFO: Running Glucose4 CDCL SAT Solver on Miter clauses, round #1...
09/23/2026 08:31:27 INFO: SAT! Extracted DIP #1: {'pi1': True, 'pi2': True, 'pi3': True, 'pi6': False, 'pi7': True}
09/23/2026 08:31:36 INFO: Running Glucose4 CDCL SAT Solver on Miter clauses, round #2...
09/23/2026 08:31:57 INFO: SAT! Extracted DIP #2: {'pi1': True, 'pi2': False, 'pi3': True, 'pi6': False, 'pi7': True}
09/23/2026 08:32:07 INFO: Running Glucose4 CDCL SAT Solver on Miter clauses, round #3...
09/23/2026 08:32:43 INFO: SAT! Extracted DIP #3: {'pi1': False, 'pi2': True, 'pi3': True, 'pi6': True, 'pi7': True}
09/23/2026 08:32:53 INFO: Running Glucose4 CDCL SAT Solver on Miter clauses, round #4...
09/23/2026 08:33:32 INFO: SAT! Extracted DIP #4: {'pi1': False, 'pi2': True, 'pi3': False, 'pi6': True, 'pi7': True}
09/23/2026 08:33:41 INFO: Running Glucose4 CDCL SAT Solver on Miter clauses, round #5...
09/23/2026 08:34:09 INFO: SAT! Extracted DIP #5: {'pi1': True, 'pi2': False, 'pi3': True, 'pi6': True, 'pi7': False}
09/23/2026 08:34:16 INFO: Running Glucose4 CDCL SAT Solver on Miter clauses, round #6...
09/23/2026 08:34:47 INFO: SAT! Extracted DIP #6: {'pi1': True, 'pi2': True, 'pi3': False, 'pi6': False, 'pi7': False}
09/23/2026 08:34:54 INFO: Running Glucose4 CDCL SAT Solver on Miter clauses, round #7...
09/23/2026 08:35:47 INFO: SAT! Extracted DIP #7: {'pi1': False, 'pi2': False, 'pi3': True, 'pi6': False, 'pi7': False}
09/23/2026 08:35:57 INFO: Running Glucose4 CDCL SAT Solver on Miter clauses, round #8...
09/23/2026 08:36:52 INFO: SAT! Extracted DIP #8: {'pi1': False, 'pi2': False, 'pi3': True, 'pi6': True, 'pi7': False}
09/23/2026 08:37:02 INFO: Running Glucose4 CDCL SAT Solver on Miter clauses, round #9...
09/23/2026 08:38:05 INFO: SAT! Extracted DIP #9: {'pi1': False, 'pi2': True, 'pi3': False, 'pi6': False, 'pi7': False}
09/23/2026 08:38:16 INFO: Running Glucose4 CDCL SAT Solver on Miter clauses, round #10...
09/23/2026 08:39:25 INFO: SAT! Extracted DIP #10: {'pi1': False, 'pi2': False, 'pi3': True, 'pi6': True, 'pi7': True}
09/23/2026 08:39:36 INFO: Running Glucose4 CDCL SAT Solver on Miter clauses, round #11...
09/23/2026 08:40:47 INFO: SAT! Extracted DIP #11: {'pi1': True, 'pi2': True, 'pi3': True, 'pi6': False, 'pi7': False}
09/23/2026 08:40:58 INFO: Running Glucose4 CDCL SAT Solver on Miter clauses, round #12...
09/23/2026 08:42:16 INFO: SAT! Extracted DIP #12: {'pi1': False, 'pi2': False, 'pi3': False, 'pi6': True, 'pi7': True}
09/23/2026 08:42:26 INFO: Running Glucose4 CDCL SAT Solver on Miter clauses, round #13...
09/23/2026 08:43:45 INFO: SAT! Extracted DIP #13: {'pi1': True, 'pi2': False, 'pi3': False, 'pi6': True, 'pi7': False}
09/23/2026 08:43:55 INFO: Running Glucose4 CDCL SAT Solver on Miter clauses, round #14...
09/23/2026 08:45:23 INFO: SAT! Extracted DIP #14: {'pi1': False, 'pi2': False, 'pi3': False, 'pi6': False, 'pi7': False}
09/23/2026 08:45:34 INFO: Running Glucose4 CDCL SAT Solver on Miter clauses, round #15...
09/23/2026 08:47:11 INFO: SAT! Extracted DIP #15: {'pi1': False, 'pi2': False, 'pi3': True, 'pi6': False, 'pi7': True}
09/23/2026 08:47:21 INFO: Running Glucose4 CDCL SAT Solver on Miter clauses, round #16...
09/23/2026 08:49:21 INFO: SAT! Extracted DIP #16: {'pi1': True, 'pi2': False, 'pi3': False, 'pi6': False, 'pi7': False}
09/23/2026 08:49:28 INFO: Running Glucose4 CDCL SAT Solver on Miter clauses, round #17...
09/23/2026 08:50:51 INFO: SAT! Extracted DIP #17: {'pi1': True, 'pi2': True, 'pi3': False, 'pi6': True, 'pi7': False}
09/23/2026 08:51:02 INFO: Running Glucose4 CDCL SAT Solver on Miter clauses, round #18...
