09/21/2026 12:49:18 INFO: ================================================================================
09/21/2026 12:49:18 INFO: STARTING PURESAT (GLUCOSE4) ATTACK: Test14-TRAP_2x2_C17
09/21/2026 12:49:18 INFO: Target logic file: test/Test14-TRAP_2x2_C17/trap2x2C17.py
09/21/2026 12:49:18 INFO: Inputs (5): ['pi1', 'pi2', 'pi3', 'pi6', 'pi7'] | Keys (708) | Outputs (2): ['po22', 'po23']
09/21/2026 12:49:18 INFO: Log file: C:\Users\ADMIN\Downloads\TRANSAT-main\TRAP_PureSAT_2025\logs\pysatAttack_2026-09-21_12-49-18.log
09/21/2026 12:49:18 INFO: ================================================================================

09/21/2026 12:49:42 INFO: Running Glucose4 CDCL SAT Solver on Miter clauses, round #1...
09/21/2026 12:49:57 INFO: SAT! Extracted DIP #1: {'pi1': False, 'pi2': False, 'pi3': False, 'pi6': False, 'pi7': False}
09/21/2026 12:50:31 INFO: Running Glucose4 CDCL SAT Solver on Miter clauses, round #2...
09/21/2026 12:51:01 INFO: SAT! Extracted DIP #2: {'pi1': True, 'pi2': True, 'pi3': True, 'pi6': False, 'pi7': True}
09/21/2026 12:51:34 INFO: Running Glucose4 CDCL SAT Solver on Miter clauses, round #3...
09/21/2026 12:52:21 INFO: SAT! Extracted DIP #3: {'pi1': True, 'pi2': False, 'pi3': False, 'pi6': False, 'pi7': True}
09/21/2026 12:52:54 INFO: Running Glucose4 CDCL SAT Solver on Miter clauses, round #4...
09/21/2026 12:54:03 INFO: SAT! Extracted DIP #4: {'pi1': True, 'pi2': True, 'pi3': False, 'pi6': False, 'pi7': True}
09/21/2026 12:54:38 INFO: Running Glucose4 CDCL SAT Solver on Miter clauses, round #5...
09/21/2026 12:56:08 INFO: SAT! Extracted DIP #5: {'pi1': True, 'pi2': False, 'pi3': True, 'pi6': False, 'pi7': False}
09/21/2026 12:56:42 INFO: Running Glucose4 CDCL SAT Solver on Miter clauses, round #6...
09/21/2026 12:59:00 INFO: SAT! Extracted DIP #6: {'pi1': False, 'pi2': False, 'pi3': False, 'pi6': True, 'pi7': True}
09/21/2026 12:59:34 INFO: Running Glucose4 CDCL SAT Solver on Miter clauses, round #7...
09/21/2026 13:02:27 INFO: SAT! Extracted DIP #7: {'pi1': False, 'pi2': False, 'pi3': True, 'pi6': False, 'pi7': True}
09/21/2026 13:03:01 INFO: Running Glucose4 CDCL SAT Solver on Miter clauses, round #8...
09/21/2026 13:06:49 INFO: SAT! Extracted DIP #8: {'pi1': False, 'pi2': True, 'pi3': True, 'pi6': True, 'pi7': True}
09/21/2026 13:07:23 INFO: Running Glucose4 CDCL SAT Solver on Miter clauses, round #9...
09/21/2026 13:15:23 INFO: SAT! Extracted DIP #9: {'pi1': False, 'pi2': True, 'pi3': False, 'pi6': False, 'pi7': True}
09/21/2026 13:15:57 INFO: Running Glucose4 CDCL SAT Solver on Miter clauses, round #10...
09/21/2026 13:23:09 INFO: Miter circuit UNSATISFIED at round #10 (UNSAT). All valid DIPs explored!
09/21/2026 13:23:09 INFO: 
Solving final key using Glucose4 on 9 DIP constraints...
09/21/2026 13:24:21 INFO: 
GLUCOSE4 SAT ATTACK SUCCESSFUL!
09/21/2026 13:24:21 INFO: Extracted Key saved to: C:\Users\ADMIN\Downloads\TRANSAT-main\TRAP_PureSAT_2025\work\extracted_key.csv
09/21/2026 13:24:21 INFO: Total Rounds: 9 | Total Time: 2102.27 seconds
09/21/2026 13:24:21 INFO: ================================================================================

