09/21/2026 10:48:02 INFO: ================================================================================
09/21/2026 10:48:02 INFO: STARTING PURESAT (GLUCOSE4) ATTACK: Test13-TRAP_2x2_AOI22
09/21/2026 10:48:02 INFO: Target logic file: test/Test13-TRAP_2x2_AOI22/trap2x2AOI22.py
09/21/2026 10:48:02 INFO: Inputs (4): ['a', 'b', 'c', 'd'] | Keys (708) | Outputs (1): ['o']
09/21/2026 10:48:02 INFO: Log file: C:\Users\ADMIN\Downloads\TRANSAT-main\TRAP_PureSAT_2025\logs\pysatAttack_2026-09-21_10-48-02.log
09/21/2026 10:48:02 INFO: ================================================================================

09/21/2026 10:48:29 INFO: Running Glucose4 CDCL SAT Solver on Miter clauses, round #1...
09/21/2026 10:48:50 INFO: SAT! Extracted DIP #1: {'a': False, 'b': False, 'c': False, 'd': False}
09/21/2026 10:49:47 INFO: Running Glucose4 CDCL SAT Solver on Miter clauses, round #2...
09/21/2026 10:50:42 INFO: SAT! Extracted DIP #2: {'a': False, 'b': True, 'c': True, 'd': False}
09/21/2026 10:51:32 INFO: Running Glucose4 CDCL SAT Solver on Miter clauses, round #3...
09/21/2026 10:52:53 INFO: SAT! Extracted DIP #3: {'a': True, 'b': True, 'c': True, 'd': True}
09/21/2026 10:53:52 INFO: Running Glucose4 CDCL SAT Solver on Miter clauses, round #4...
09/21/2026 10:56:01 INFO: SAT! Extracted DIP #4: {'a': True, 'b': False, 'c': False, 'd': False}
09/21/2026 10:56:36 INFO: Running Glucose4 CDCL SAT Solver on Miter clauses, round #5...
09/21/2026 10:58:24 INFO: SAT! Extracted DIP #5: {'a': False, 'b': False, 'c': True, 'd': True}
09/21/2026 10:58:58 INFO: Running Glucose4 CDCL SAT Solver on Miter clauses, round #6...
09/21/2026 11:01:21 INFO: SAT! Extracted DIP #6: {'a': True, 'b': True, 'c': False, 'd': False}
09/21/2026 11:01:57 INFO: Running Glucose4 CDCL SAT Solver on Miter clauses, round #7...
09/21/2026 11:05:56 INFO: SAT! Extracted DIP #7: {'a': True, 'b': True, 'c': True, 'd': False}
09/21/2026 11:06:28 INFO: Running Glucose4 CDCL SAT Solver on Miter clauses, round #8...
09/21/2026 11:10:23 INFO: SAT! Extracted DIP #8: {'a': False, 'b': False, 'c': True, 'd': False}
09/21/2026 11:10:56 INFO: Running Glucose4 CDCL SAT Solver on Miter clauses, round #9...
09/21/2026 11:17:46 INFO: SAT! Extracted DIP #9: {'a': True, 'b': False, 'c': False, 'd': True}
09/21/2026 11:18:20 INFO: Running Glucose4 CDCL SAT Solver on Miter clauses, round #10...
09/21/2026 11:26:05 INFO: SAT! Extracted DIP #10: {'a': True, 'b': False, 'c': True, 'd': True}
09/21/2026 11:26:39 INFO: Running Glucose4 CDCL SAT Solver on Miter clauses, round #11...
09/21/2026 11:36:47 INFO: SAT! Extracted DIP #11: {'a': False, 'b': True, 'c': False, 'd': True}
09/21/2026 11:37:21 INFO: Running Glucose4 CDCL SAT Solver on Miter clauses, round #12...
09/21/2026 11:49:11 INFO: SAT! Extracted DIP #12: {'a': True, 'b': False, 'c': True, 'd': False}
09/21/2026 11:49:46 INFO: Running Glucose4 CDCL SAT Solver on Miter clauses, round #13...
09/21/2026 12:02:12 INFO: SAT! Extracted DIP #13: {'a': True, 'b': True, 'c': False, 'd': True}
09/21/2026 12:02:46 INFO: Running Glucose4 CDCL SAT Solver on Miter clauses, round #14...
09/21/2026 12:15:37 INFO: SAT! Extracted DIP #14: {'a': False, 'b': False, 'c': False, 'd': True}
09/21/2026 12:16:12 INFO: Running Glucose4 CDCL SAT Solver on Miter clauses, round #15...
09/21/2026 12:31:58 INFO: SAT! Extracted DIP #15: {'a': False, 'b': True, 'c': True, 'd': True}
09/21/2026 12:32:33 INFO: Running Glucose4 CDCL SAT Solver on Miter clauses, round #16...
09/21/2026 12:47:11 INFO: Miter circuit UNSATISFIED at round #16 (UNSAT). All valid DIPs explored!
09/21/2026 12:47:11 INFO: 
Solving final key using Glucose4 on 15 DIP constraints...
09/21/2026 12:49:18 INFO: 
GLUCOSE4 SAT ATTACK SUCCESSFUL!
09/21/2026 12:49:18 INFO: Extracted Key saved to: C:\Users\ADMIN\Downloads\TRANSAT-main\TRAP_PureSAT_2025\work\extracted_key.csv
09/21/2026 12:49:18 INFO: Total Rounds: 15 | Total Time: 7276.23 seconds
09/21/2026 12:49:18 INFO: ================================================================================

