09/22/2026 19:50:22 INFO: ================================================================================
09/22/2026 19:50:22 INFO: STARTING PURESAT (GLUCOSE4) ATTACK: Test15-TRAP_2x1_AOI22
09/22/2026 19:50:22 INFO: Target logic file: test/Test15-TRAP_2x1_AOI22/trap2x1AOI22.py
09/22/2026 19:50:22 INFO: Inputs (4): ['a', 'b', 'c', 'd'] | Keys (354) | Outputs (1): ['o']
09/22/2026 19:50:22 INFO: Log file: C:\Users\ADMIN\Downloads\TRANSAT-main\TRAP_PureSAT_2025\logs\pysatAttack_2026-09-22_19-50-22.log
09/22/2026 19:50:22 INFO: ================================================================================

09/22/2026 19:50:28 INFO: Running Glucose4 CDCL SAT Solver on Miter clauses, round #1...
09/22/2026 19:50:35 INFO: SAT! Extracted DIP #1: {'a': True, 'b': True, 'c': True, 'd': True}
09/22/2026 19:50:44 INFO: Running Glucose4 CDCL SAT Solver on Miter clauses, round #2...
09/22/2026 19:50:59 INFO: SAT! Extracted DIP #2: {'a': False, 'b': False, 'c': False, 'd': False}
09/22/2026 19:51:14 INFO: Running Glucose4 CDCL SAT Solver on Miter clauses, round #3...
09/22/2026 19:51:46 INFO: SAT! Extracted DIP #3: {'a': False, 'b': False, 'c': False, 'd': True}
09/22/2026 19:52:02 INFO: Running Glucose4 CDCL SAT Solver on Miter clauses, round #4...
09/22/2026 19:52:54 INFO: SAT! Extracted DIP #4: {'a': False, 'b': True, 'c': True, 'd': True}
09/22/2026 19:53:09 INFO: Running Glucose4 CDCL SAT Solver on Miter clauses, round #5...
09/22/2026 19:54:15 INFO: SAT! Extracted DIP #5: {'a': False, 'b': True, 'c': True, 'd': False}
09/22/2026 19:54:30 INFO: Running Glucose4 CDCL SAT Solver on Miter clauses, round #6...
09/22/2026 19:55:52 INFO: SAT! Extracted DIP #6: {'a': True, 'b': True, 'c': True, 'd': False}
09/22/2026 19:56:08 INFO: Running Glucose4 CDCL SAT Solver on Miter clauses, round #7...
09/22/2026 19:57:45 INFO: SAT! Extracted DIP #7: {'a': True, 'b': False, 'c': False, 'd': False}
09/22/2026 19:58:00 INFO: Running Glucose4 CDCL SAT Solver on Miter clauses, round #8...
09/22/2026 20:00:11 INFO: SAT! Extracted DIP #8: {'a': True, 'b': False, 'c': True, 'd': True}
09/22/2026 20:00:27 INFO: Running Glucose4 CDCL SAT Solver on Miter clauses, round #9...
09/22/2026 20:02:38 INFO: SAT! Extracted DIP #9: {'a': False, 'b': False, 'c': True, 'd': False}
09/22/2026 20:02:47 INFO: Running Glucose4 CDCL SAT Solver on Miter clauses, round #10...
09/22/2026 20:05:45 INFO: SAT! Extracted DIP #10: {'a': True, 'b': False, 'c': True, 'd': False}
09/22/2026 20:06:01 INFO: Running Glucose4 CDCL SAT Solver on Miter clauses, round #11...
09/22/2026 20:09:29 INFO: SAT! Extracted DIP #11: {'a': True, 'b': False, 'c': False, 'd': True}
09/22/2026 20:09:42 INFO: Running Glucose4 CDCL SAT Solver on Miter clauses, round #12...
09/22/2026 20:12:49 INFO: SAT! Extracted DIP #12: {'a': False, 'b': True, 'c': False, 'd': False}
09/22/2026 20:12:59 INFO: Running Glucose4 CDCL SAT Solver on Miter clauses, round #13...
09/22/2026 20:16:07 INFO: SAT! Extracted DIP #13: {'a': False, 'b': True, 'c': False, 'd': True}
09/22/2026 20:16:23 INFO: Running Glucose4 CDCL SAT Solver on Miter clauses, round #14...
09/22/2026 20:20:30 INFO: SAT! Extracted DIP #14: {'a': True, 'b': True, 'c': False, 'd': False}
09/22/2026 20:20:40 INFO: Running Glucose4 CDCL SAT Solver on Miter clauses, round #15...
09/22/2026 20:26:52 INFO: SAT! Extracted DIP #15: {'a': True, 'b': True, 'c': False, 'd': True}
09/22/2026 20:27:08 INFO: Running Glucose4 CDCL SAT Solver on Miter clauses, round #16...
09/22/2026 20:34:45 INFO: SAT! Extracted DIP #16: {'a': False, 'b': False, 'c': True, 'd': True}
09/22/2026 20:35:01 INFO: 
Solving final key using Glucose4 on 16 DIP constraints...
09/22/2026 20:36:33 INFO: 
GLUCOSE4 SAT ATTACK SUCCESSFUL!
09/22/2026 20:36:33 INFO: Extracted Key saved to: C:\Users\ADMIN\Downloads\TRANSAT-main\TRAP_PureSAT_2025\work\extracted_key.csv
09/22/2026 20:36:33 INFO: Total Rounds: 16 | Total Time: 2770.91 seconds
09/22/2026 20:36:33 INFO: ================================================================================

